[subway-surfers.onl/index.html]
[backblue.gif]
[fade.gif]
[index.html]
[subway-surfers.onl/upload/imgs/options/subvway-surfers-logo.png]
[subway-surfers.onl/upload/cache/upload/imgs/options/subvway-logo_01-s20x20.png]
[subway-surfers.onl/upload/cache/upload/imgs/options/subvway-logo_01-m57x57.png]
[subway-surfers.onl/upload/cache/upload/imgs/options/subvway-logo_01-m72x72.png]
[subway-surfers.onl/themes/subwaysurfers/rs/css/font-awesome.css]
[subway-surfers.onl/themes/subwaysurfers/rs/css/common.css]
[subway-surfers.onl/themes/subwaysurfers/rs/css/main1bce.css]
[subway-surfers.onl/themes/subwaysurfers/rs/js/jquery.min.js]
[pagead2.googlesyndication.com/pagead/js/febd6.txt]
[subway-surfers.onl/upload/cache/upload/imgs/options/subvway-surfers-logo-m205x36.png]
[subway-surfers.onl/stumble-guys.html]
[subway-surfers.onl/subway-surfers-zurich.html]
[subway-surfers.onl/themes/subwaysurfers/rs/images/fls.png]
[pagead2.googlesyndication.com/pagead/js/f.txt]
[subway-surfers.onl/themes/subwaysurfers/rs/plugins/raty/jquery.raty.min.js]
[subway-surfers.onl/subway-surfers.html]
[subway-surfers.onl/upload/cache/upload/imgs/subway-surfer-zurich-m110x110.png]
[subway-surfers.onl/subway-surfer-zurich.html]
[subway-surfers.onl/upload/cache/upload/imgs/subway-surfres-m110x110.png]
[subway-surfers.onl/subway-surfers-2.html]
[subway-surfers.onl/subway-surfers-berlin.html]
[subway-surfers.onl/upload/cache/upload/imgs/subway-surfers-berlin-m110x110.png]
[subway-surfers.onl/upload/cache/upload/imgs/stumble-guys-m110x110.jpg]
[subway-surfers.onl/moto-x3m-bike-race-game.html]
[subway-surfers.onl/upload/cache/upload/imgs/moto-x3m-bike-race-game-m110x110.jpg]
[subway-surfers.onl/tags/jumping.html]
[subway-surfers.onl/tags/running.html]
[subway-surfers.onl/tags/arcade.html]
[subway-surfers.onl/tags/train.html]
[subway-surfers.onl/tags/webgl.html]
[subway-surfers.onl/tags/avoid.html]
[subway-surfers.onl/tags/power-up.html]
[subway-surfers.onl/tags/collect.html]
[subway-surfers.onl/tags/upgrade.html]
[subway-surfers.onl/new-games.html]
[subway-surfers.onl/tiny-fishing.html]
[subway-surfers.onl/upload/cache/upload/imgs/game/tiny-fishing-cover-m110x110.png]
[subway-surfers.onl/ducklingsio.html]
[subway-surfers.onl/upload/cache/upload/imgs/ducklings.io-m110x110.png]
[subway-surfers.onl/hillclimb-racer.html]
[subway-surfers.onl/upload/cache/upload/imgs/hillclimb-racer-m110x110.jpg]
[subway-surfers.onl/fireboy-amp-watergirl-6-fairy-tales.html]
[subway-surfers.onl/upload/cache/upload/imgs/game/fireboy-amp-watergirl-6-fairy-tales-cover-m110x110.png]
[subway-surfers.onl/body-race.html]
[subway-surfers.onl/upload/cache/upload/imgs/body-race-m110x110.png]
[subway-surfers.onl/stupid-zombies.html]
[subway-surfers.onl/upload/cache/upload/imgs/game/stupid-zombies-cover-m110x110.png]
[subway-surfers.onl/parkour-race.html]
[subway-surfers.onl/upload/cache/upload/imgs/parkour-race-m110x110.png]
[subway-surfers.onl/tallman-run.html]
[subway-surfers.onl/upload/cache/upload/imgs/tallman-run-m110x110.png]
[subway-surfers.onl/timberman.html]
[subway-surfers.onl/upload/cache/upload/imgs/timberman-m110x110.png]
[subway-surfers.onl/noob-torch-flip-2d.html]
[subway-surfers.onl/upload/cache/upload/imgs/game/noob-torch-flip-2d-cover-m110x110.png]
[subway-surfers.onl/smash-karts.html]
[subway-surfers.onl/upload/cache/upload/imgs/smash-karts-m110x110.png]
[subway-surfers.onl/super-slope-game.html]
[subway-surfers.onl/upload/cache/upload/imgs/super-slope-game-m110x110.jpg]
[subway-surfers.onl/evoworldio.html]
[subway-surfers.onl/upload/cache/upload/imgs/evoworld.io-m110x110.png]
[subway-surfers.onl/earn-to-die.html]
[subway-surfers.onl/upload/cache/upload/imgs/earn-to-die-m110x110.jpg]
[subway-surfers.onl/super-bubble-shooter.html]
[subway-surfers.onl/upload/cache/upload/imgs/super-bubble-shooter-m110x110.png]
[subway-surfers.onl/flappy-poppy.html]
[subway-surfers.onl/upload/cache/upload/imgs/flappy-poppy-m110x110.jpg]
[subway-surfers.onl/dirt-bike-motocross.html]
[subway-surfers.onl/upload/cache/upload/imgs/imagen-dirt-bike-cop-race-free-flip-motocross-racing-game-0ori-m110x110.jpg]
[subway-surfers.onl/jetpack-race-run.html]
[subway-surfers.onl/upload/cache/upload/imgs/game/jetpack-race-run-cover-m110x110.png]
[subway-surfers.onl/aquaparkio.html]
[subway-surfers.onl/upload/cache/upload/imgs/game/aquaparkio-cover-m110x110.png]
[subway-surfers.onl/new-games2679.html]
[subway-surfers.onl/new-games4658.html]
[subway-surfers.onl/new-games9ba9.html]
[subway-surfers.onl/index.html]
[subway-surfers.onl/new-games0b08.html]
[subway-surfers.onl/themes/subwaysurfers/rs/fonts/fontawesome-webfont3e6e.eot]
[subway-surfers.onl/themes/subwaysurfers/rs/fonts/fontawesome-webfontd41d.eot]
[subway-surfers.onl/themes/subwaysurfers/rs/fonts/fontawesome-webfont3e6e.woff]
[subway-surfers.onl/themes/subwaysurfers/rs/fonts/fontawesome-webfont3e6e.ttf]
[subway-surfers.onl/themes/subwaysurfers/rs/css/font-awesome.css]
[subway-surfers.onl/themes/subwaysurfers/rs/css/common.css]
[subway-surfers.onl/themes/subwaysurfers/rs/css/main1bce.css]
[subway-surfers.onl/themes/subwaysurfers/index.html]
[subway-surfers.onl/upload/imgs/stumble-guys.jpg]
[subway-surfers.onl/themes/subwaysurfers/rs/fonts/fontawesome-webfont3e6e.svg]
[subway-surfers.onl/upload/cache/upload/imgs/stumble-guys-c60x60.jpg]
[subway-surfers.onl/upload/cache/upload/imgs/stumble-guys-c57x57.jpg]
[subway-surfers.onl/upload/cache/upload/imgs/stumble-guys-c72x72.jpg]
[subway-surfers.onl/stumble-guys.html]
[subway-surfers.onl/stumble-guys-2.html]
[subway-surfers.onl/subway-surfers-zurich.html]
[subway-surfers.onl/subway-surfers.html]
[subway-surfers.onl/.html]
[subway-surfers.onl/upload/imgs/subway-surfer-zurich.png]
[subway-surfers.onl/upload/cache/upload/imgs/subway-surfer-zurich-c60x60.png]
[subway-surfers.onl/upload/cache/upload/imgs/subway-surfer-zurich-c57x57.png]
[subway-surfers.onl/upload/cache/upload/imgs/subway-surfer-zurich-c72x72.png]
[subway-surfers.onl/subway-surfer-zurich-2.html]
[subway-surfers.onl/tags/adventure.html]
[subway-surfers.onl/tags/3d.html]
[subway-surfers.onl/tags/3d-games.html]
[subway-surfers.onl/tags/html.html]
[subway-surfers.onl/tags/html5.html]
[subway-surfers.onl/tags/jump.html]
[subway-surfers.onl/tags/run.html]
[subway-surfers.onl/tags/subway.html]
[subway-surfers.onl/tags/subway-surfers.html]
[subway-surfers.onl/tags/unity3d.html]
[subway-surfers.onl/tags/action.html]
[subway-surfers.onl/tags/hypercasual.html]
[subway-surfers.onl/subway-surfer-zurich.html]
[subway-surfers.onl/tags/puzzle.html]
[subway-surfers.onl/upload/imgs/subway-surfres.png]
[subway-surfers.onl/upload/cache/upload/imgs/subway-surfres-c60x60.png]
[subway-surfers.onl/upload/cache/upload/imgs/subway-surfres-c57x57.png]
[subway-surfers.onl/upload/cache/upload/imgs/subway-surfres-c72x72.png]
[subway-surfers.onl/subway-surfers-2.html]
[subway-surfers.onl/upload/imgs/subway-surfers-berlin.png]
[subway-surfers.onl/upload/cache/upload/imgs/subway-surfers-berlin-c60x60.png]
[subway-surfers.onl/upload/cache/upload/imgs/subway-surfers-berlin-c57x57.png]
[subway-surfers.onl/upload/cache/upload/imgs/subway-surfers-berlin-c72x72.png]
[subway-surfers.onl/subway-surfers-berlin.html]
[subway-surfers.onl/subway-surfers-berlin-2.html]
[subway-surfers.onl/upload/imgs/moto-x3m-bike-race-game.jpg]
[subway-surfers.onl/upload/cache/upload/imgs/moto-x3m-bike-race-game-c60x60.jpg]
[subway-surfers.onl/upload/cache/upload/imgs/moto-x3m-bike-race-game-c57x57.jpg]
[subway-surfers.onl/upload/cache/upload/imgs/moto-x3m-bike-race-game-c72x72.jpg]
[subway-surfers.onl/moto-x3m-bike-race-game-2.html]
[subway-surfers.onl/tags/racing.html]
[subway-surfers.onl/tags/race.html]
[subway-surfers.onl/tags/motorcycle.html]
[subway-surfers.onl/tags/sports.html]
[subway-surfers.onl/tags/bike.html]
[subway-surfers.onl/tags/motorbike.html]
[subway-surfers.onl/moto-x3m-bike-race-game.html]
[subway-surfers.onl/tags/x3m.html]
[subway-surfers.onl/upload/cache/upload/imgs/options/subvway-surfers-logo-c60x60.png]
[subway-surfers.onl/upload/cache/upload/imgs/options/subvway-surfers-logo-c57x57.png]
[subway-surfers.onl/upload/cache/upload/imgs/options/subvway-surfers-logo-c72x72.png]
[subway-surfers.onl/tags/jumping.html]
[subway-surfers.onl/themes/subwaysurfers/rs/images/bbbb.gif]
[subway-surfers.onl/tags/running.html]
[subway-surfers.onl/tags/arcade.html]
[subway-surfers.onl/tags/train.html]
[subway-surfers.onl/tags/webgl.html]
[subway-surfers.onl/tags/avoid.html]
[subway-surfers.onl/tags/power-up.html]
[subway-surfers.onl/tags/collect.html]
[subway-surfers.onl/tags/upgrade.html]
[subway-surfers.onl/new-games.html]
[subway-surfers.onl/upload/imgs/game/tiny-fishing-cover.png]
[subway-surfers.onl/upload/cache/upload/imgs/game/tiny-fishing-cover-c60x60.png]
[subway-surfers.onl/upload/cache/upload/imgs/game/tiny-fishing-cover-c57x57.png]
[subway-surfers.onl/upload/cache/upload/imgs/game/tiny-fishing-cover-c72x72.png]
[subway-surfers.onl/tiny-fishing-2.html]
[subway-surfers.onl/tags/boys.html]
[subway-surfers.onl/tags/fishing.html]
[subway-surfers.onl/tiny-fishing.html]
[subway-surfers.onl/tags/fish.html]
[subway-surfers.onl/upload/imgs/ducklings.io.png]
[subway-surfers.onl/upload/cache/upload/imgs/ducklings.io-c60x60.png]
[subway-surfers.onl/upload/cache/upload/imgs/ducklings.io-c57x57.png]
[subway-surfers.onl/upload/cache/upload/imgs/ducklings.io-c72x72.png]
[subway-surfers.onl/ducklingsio-2.html]
[subway-surfers.onl/tags/multiplayer.html]
[subway-surfers.onl/ducklingsio.html]
[subway-surfers.onl/tags/io.html]
[subway-surfers.onl/upload/imgs/hillclimb-racer.jpg]
[subway-surfers.onl/upload/cache/upload/imgs/hillclimb-racer-c60x60.jpg]
[subway-surfers.onl/upload/cache/upload/imgs/hillclimb-racer-c57x57.jpg]
[subway-surfers.onl/upload/cache/upload/imgs/hillclimb-racer-c72x72.jpg]
[subway-surfers.onl/hillclimb-racer-2.html]
[subway-surfers.onl/tags/car.html]
[subway-surfers.onl/tags/casual.html]
[subway-surfers.onl/tags/runner.html]
[subway-surfers.onl/tags/clicker.html]
[subway-surfers.onl/hillclimb-racer.html]
[subway-surfers.onl/tags/kiz10.html]
[subway-surfers.onl/upload/imgs/game/fireboy-amp-watergirl-6-fairy-tales-cover.png]
[subway-surfers.onl/upload/cache/upload/imgs/game/fireboy-amp-watergirl-6-fairy-tales-cover-c60x60.png]
[subway-surfers.onl/upload/cache/upload/imgs/game/fireboy-amp-watergirl-6-fairy-tales-cover-c57x57.png]
[subway-surfers.onl/upload/cache/upload/imgs/game/fireboy-amp-watergirl-6-fairy-tales-cover-c72x72.png]
[subway-surfers.onl/fireboy-amp-watergirl-6-fairy-tales-2.html]
[subway-surfers.onl/tags/platform.html]
[subway-surfers.onl/tags/2-player.html]
[subway-surfers.onl/fireboy-amp-watergirl-6-fairy-tales.html]
[subway-surfers.onl/tags/2players.html]
[subway-surfers.onl/upload/imgs/body-race.png]
[subway-surfers.onl/upload/cache/upload/imgs/body-race-c60x60.png]
[subway-surfers.onl/upload/cache/upload/imgs/body-race-c57x57.png]
[subway-surfers.onl/upload/cache/upload/imgs/body-race-c72x72.png]
[subway-surfers.onl/body-race-2.html]
[subway-surfers.onl/tags/kids.html]
[subway-surfers.onl/tags/girl.html]
[subway-surfers.onl/tags/love.html]
[subway-surfers.onl/tags/food.html]
[subway-surfers.onl/tags/body.html]
[subway-surfers.onl/tags/eating.html]
[subway-surfers.onl/tags/fitness.html]
[subway-surfers.onl/tags/workout.html]
[subway-surfers.onl/tags/fastfood.html]
[subway-surfers.onl/body-race.html]
[subway-surfers.onl/tags/fit.html]
[subway-surfers.onl/upload/imgs/game/stupid-zombies-cover.png]
[subway-surfers.onl/upload/cache/upload/imgs/game/stupid-zombies-cover-c60x60.png]
[subway-surfers.onl/upload/cache/upload/imgs/game/stupid-zombies-cover-c57x57.png]
[subway-surfers.onl/upload/cache/upload/imgs/game/stupid-zombies-cover-c72x72.png]
[subway-surfers.onl/stupid-zombies-2.html]
[subway-surfers.onl/tags/zombie.html]
[subway-surfers.onl/tags/attack.html]
[subway-surfers.onl/tags/fight.html]
[subway-surfers.onl/tags/shooter.html]
[subway-surfers.onl/tags/fighter.html]
[subway-surfers.onl/tags/fighting.html]
[subway-surfers.onl/tags/fps.html]
[subway-surfers.onl/stupid-zombies.html]
[subway-surfers.onl/tags/zombiefight.html]
[subway-surfers.onl/upload/imgs/parkour-race.png]
[subway-surfers.onl/upload/cache/upload/imgs/parkour-race-c60x60.png]
[subway-surfers.onl/upload/cache/upload/imgs/parkour-race-c57x57.png]
[subway-surfers.onl/upload/cache/upload/imgs/parkour-race-c72x72.png]
[subway-surfers.onl/parkour-race-2.html]
[subway-surfers.onl/tags/boy.html]
[subway-surfers.onl/tags/kid.html]
[subway-surfers.onl/parkour-race.html]
[subway-surfers.onl/tags/obstacles.html]
[subway-surfers.onl/upload/imgs/tallman-run.png]
[subway-surfers.onl/upload/cache/upload/imgs/tallman-run-c60x60.png]
[subway-surfers.onl/upload/cache/upload/imgs/tallman-run-c57x57.png]
[subway-surfers.onl/upload/cache/upload/imgs/tallman-run-c72x72.png]
[subway-surfers.onl/tallman-run.html]
[subway-surfers.onl/tallman-run-2.html]
[subway-surfers.onl/upload/imgs/timberman.png]
[subway-surfers.onl/upload/cache/upload/imgs/timberman-c60x60.png]
[subway-surfers.onl/upload/cache/upload/imgs/timberman-c57x57.png]
[subway-surfers.onl/upload/cache/upload/imgs/timberman-c72x72.png]
[subway-surfers.onl/timberman-2.html]
[subway-surfers.onl/timberman.html]
[subway-surfers.onl/tags/1player.html]
[subway-surfers.onl/upload/imgs/game/noob-torch-flip-2d-cover.png]
[subway-surfers.onl/upload/cache/upload/imgs/game/noob-torch-flip-2d-cover-c60x60.png]
[subway-surfers.onl/upload/cache/upload/imgs/game/noob-torch-flip-2d-cover-c57x57.png]
[subway-surfers.onl/upload/cache/upload/imgs/game/noob-torch-flip-2d-cover-c72x72.png]
[subway-surfers.onl/noob-torch-flip-2d-2.html]
[subway-surfers.onl/tags/minecraft.html]
[subway-surfers.onl/tags/brain.html]
[subway-surfers.onl/tags/challenge.html]
[subway-surfers.onl/tags/escape.html]
[subway-surfers.onl/tags/winter.html]
[subway-surfers.onl/tags/2d.html]
[subway-surfers.onl/tags/parkour.html]
[subway-surfers.onl/tags/level.html]
[subway-surfers.onl/tags/braining.html]
[subway-surfers.onl/tags/fire.html]
[subway-surfers.onl/tags/puzzles.html]
[subway-surfers.onl/tags/noob.html]
[subway-surfers.onl/tags/noobvspro.html]
[subway-surfers.onl/tags/i-hate-this-game.html]
[subway-surfers.onl/tags/torch.html]
[subway-surfers.onl/noob-torch-flip-2d.html]
[subway-surfers.onl/tags/desert.html]
[subway-surfers.onl/upload/imgs/smash-karts.png]
[subway-surfers.onl/upload/cache/upload/imgs/smash-karts-c60x60.png]
[subway-surfers.onl/upload/cache/upload/imgs/smash-karts-c57x57.png]
[subway-surfers.onl/upload/cache/upload/imgs/smash-karts-c72x72.png]
[subway-surfers.onl/smash-karts.html]
[subway-surfers.onl/smash-karts-2.html]
[subway-surfers.onl/upload/imgs/super-slope-game.jpg]
[subway-surfers.onl/upload/cache/upload/imgs/super-slope-game-c60x60.jpg]
[subway-surfers.onl/upload/cache/upload/imgs/super-slope-game-c57x57.jpg]
[subway-surfers.onl/upload/cache/upload/imgs/super-slope-game-c72x72.jpg]
[subway-surfers.onl/super-slope-game-2.html]
[subway-surfers.onl/super-slope-game.html]
[subway-surfers.onl/tags/ball.html]
[subway-surfers.onl/upload/imgs/evoworld.io.png]
[subway-surfers.onl/upload/cache/upload/imgs/evoworld.io-c60x60.png]
[subway-surfers.onl/upload/cache/upload/imgs/evoworld.io-c57x57.png]
[subway-surfers.onl/upload/cache/upload/imgs/evoworld.io-c72x72.png]
[subway-surfers.onl/evoworldio-2.html]
[subway-surfers.onl/tags/free.html]
[subway-surfers.onl/tags/animals.html]
[subway-surfers.onl/tags/popular.html]
[subway-surfers.onl/evoworldio.html]
[subway-surfers.onl/tags/evolution.html]
[subway-surfers.onl/upload/imgs/earn-to-die.jpg]
[subway-surfers.onl/upload/cache/upload/imgs/earn-to-die-c60x60.jpg]
[subway-surfers.onl/upload/cache/upload/imgs/earn-to-die-c57x57.jpg]
[subway-surfers.onl/upload/cache/upload/imgs/earn-to-die-c72x72.jpg]
[subway-surfers.onl/earn-to-die.html]
[subway-surfers.onl/earn-to-die-2.html]
[subway-surfers.onl/upload/imgs/super-bubble-shooter.png]
[subway-surfers.onl/upload/cache/upload/imgs/super-bubble-shooter-c60x60.png]
[subway-surfers.onl/upload/cache/upload/imgs/super-bubble-shooter-c57x57.png]
[subway-surfers.onl/upload/cache/upload/imgs/super-bubble-shooter-c72x72.png]
[subway-surfers.onl/super-bubble-shooter-2.html]
[subway-surfers.onl/tags/match3.html]
[subway-surfers.onl/tags/bubble.html]
[subway-surfers.onl/super-bubble-shooter.html]
[subway-surfers.onl/tags/family.html]
[subway-surfers.onl/upload/imgs/flappy-poppy.jpg]
[subway-surfers.onl/upload/cache/upload/imgs/flappy-poppy-c60x60.jpg]
[subway-surfers.onl/upload/cache/upload/imgs/flappy-poppy-c57x57.jpg]
[subway-surfers.onl/upload/cache/upload/imgs/flappy-poppy-c72x72.jpg]
[subway-surfers.onl/flappy-poppy-2.html]
[subway-surfers.onl/tags/games.html]
[subway-surfers.onl/flappy-poppy.html]
[subway-surfers.onl/tags/monster.html]
[subway-surfers.onl/upload/imgs/imagen-dirt-bike-cop-race-free-flip-motocross-racing-game-0ori.jpg]
[subway-surfers.onl/upload/cache/upload/imgs/imagen-dirt-bike-cop-race-free-flip-motocross-racing-game-0ori-c60x60.jpg]
[subway-surfers.onl/upload/cache/upload/imgs/imagen-dirt-bike-cop-race-free-flip-motocross-racing-game-0ori-c57x57.jpg]
[subway-surfers.onl/upload/cache/upload/imgs/imagen-dirt-bike-cop-race-free-flip-motocross-racing-game-0ori-c72x72.jpg]
[subway-surfers.onl/dirt-bike-motocross-2.html]
[subway-surfers.onl/tags/challenging.html]
[subway-surfers.onl/tags/1.html]
[subway-surfers.onl/tags/motorcycles.html]
[subway-surfers.onl/tags/motocross.html]
[subway-surfers.onl/dirt-bike-motocross.html]
[subway-surfers.onl/tags/competitive.html]
[subway-surfers.onl/upload/imgs/game/jetpack-race-run-cover.png]
[subway-surfers.onl/upload/cache/upload/imgs/game/jetpack-race-run-cover-c60x60.png]
[subway-surfers.onl/upload/cache/upload/imgs/game/jetpack-race-run-cover-c57x57.png]
[subway-surfers.onl/upload/cache/upload/imgs/game/jetpack-race-run-cover-c72x72.png]
[subway-surfers.onl/jetpack-race-run-2.html]
[subway-surfers.onl/tags/mobile.html]
[subway-surfers.onl/tags/skill.html]
[subway-surfers.onl/tags/obstacle.html]
[subway-surfers.onl/tags/stickman.html]
[subway-surfers.onl/tags/simulation.html]
[subway-surfers.onl/jetpack-race-run.html]
[subway-surfers.onl/tags/rocket.html]
[subway-surfers.onl/upload/imgs/game/aquaparkio-cover.png]
[subway-surfers.onl/upload/cache/upload/imgs/game/aquaparkio-cover-c60x60.png]
[subway-surfers.onl/upload/cache/upload/imgs/game/aquaparkio-cover-c57x57.png]
[subway-surfers.onl/upload/cache/upload/imgs/game/aquaparkio-cover-c72x72.png]
[subway-surfers.onl/aquaparkio.html]
[subway-surfers.onl/new-games2679.html]
[subway-surfers.onl/new-games4658.html]
[subway-surfers.onl/new-games9ba9.html]
[subway-surfers.onl/new-games0b08.html]
[subway-surfers.onl/themes/subwaysurfers/rs/fonts/fontawesome-webfont3e6e.html]
[subway-surfers.onl/themes/subwaysurfers/rs/fonts/fontawesome-webfont3e6e.svg]
[subway-surfers.onl/stumble-guys-2.html]
[subway-surfers.onl/.html]
[subway-surfers.onl/subway-surfer-zurich-2.html]
[subway-surfers.onl/tags/adventure.html]
[subway-surfers.onl/tags/3d.html]
[subway-surfers.onl/tags/3d-games.html]
[subway-surfers.onl/tags/html.html]
[subway-surfers.onl/tags/html5.html]
[subway-surfers.onl/tags/jump.html]
[subway-surfers.onl/tags/run.html]
[subway-surfers.onl/tags/subway.html]
[subway-surfers.onl/tags/subway-surfers.html]
[subway-surfers.onl/tags/unity3d.html]
[subway-surfers.onl/tags/action.html]
[subway-surfers.onl/tags/hypercasual.html]
[subway-surfers.onl/tags/puzzle.html]
[subway-surfers.onl/subway-surfers-berlin-2.html]
[subway-surfers.onl/moto-x3m-bike-race-game-2.html]
[subway-surfers.onl/tags/racing.html]
[subway-surfers.onl/tags/race.html]
[subway-surfers.onl/tags/motorcycle.html]
[subway-surfers.onl/tags/sports.html]
[subway-surfers.onl/tags/bike.html]
[subway-surfers.onl/tags/motorbike.html]
[subway-surfers.onl/tags/x3m.html]
[subway-surfers.onl/tiny-fishing-2.html]
[subway-surfers.onl/tags/boys.html]
[subway-surfers.onl/tags/fishing.html]
[subway-surfers.onl/tags/fish.html]
[subway-surfers.onl/ducklingsio-2.html]
[subway-surfers.onl/tags/multiplayer.html]
[subway-surfers.onl/tags/io.html]
[subway-surfers.onl/hillclimb-racer-2.html]
[subway-surfers.onl/tags/car.html]
[subway-surfers.onl/tags/casual.html]
[subway-surfers.onl/tags/runner.html]
[subway-surfers.onl/tags/clicker.html]
[subway-surfers.onl/tags/kiz10.html]
[subway-surfers.onl/fireboy-amp-watergirl-6-fairy-tales-2.html]
[subway-surfers.onl/tags/platform.html]
[subway-surfers.onl/tags/2-player.html]
[subway-surfers.onl/tags/2players.html]
[subway-surfers.onl/body-race-2.html]
[subway-surfers.onl/tags/kids.html]
[subway-surfers.onl/tags/girl.html]
[subway-surfers.onl/tags/love.html]
[subway-surfers.onl/tags/food.html]
[subway-surfers.onl/tags/body.html]
[subway-surfers.onl/tags/eating.html]
[subway-surfers.onl/tags/fitness.html]
[subway-surfers.onl/tags/workout.html]
[subway-surfers.onl/tags/fastfood.html]
[subway-surfers.onl/tags/fit.html]
[subway-surfers.onl/stupid-zombies-2.html]
[subway-surfers.onl/tags/zombie.html]
[subway-surfers.onl/tags/attack.html]
[subway-surfers.onl/tags/fight.html]
[subway-surfers.onl/tags/shooter.html]
[subway-surfers.onl/tags/fighter.html]
[subway-surfers.onl/tags/fighting.html]
[subway-surfers.onl/tags/fps.html]
[subway-surfers.onl/tags/zombiefight.html]
[subway-surfers.onl/parkour-race-2.html]
[subway-surfers.onl/tags/boy.html]
[subway-surfers.onl/tags/kid.html]
[subway-surfers.onl/tags/obstacles.html]
[subway-surfers.onl/tallman-run-2.html]
[subway-surfers.onl/timberman-2.html]
[subway-surfers.onl/tags/1player.html]
[subway-surfers.onl/noob-torch-flip-2d-2.html]
[subway-surfers.onl/tags/minecraft.html]
[subway-surfers.onl/tags/brain.html]
[subway-surfers.onl/tags/challenge.html]
[subway-surfers.onl/tags/escape.html]
[subway-surfers.onl/tags/winter.html]
[subway-surfers.onl/tags/2d.html]
[subway-surfers.onl/tags/parkour.html]
[subway-surfers.onl/tags/level.html]
[subway-surfers.onl/tags/braining.html]
[subway-surfers.onl/tags/fire.html]
[subway-surfers.onl/tags/puzzles.html]
[subway-surfers.onl/tags/noob.html]
[subway-surfers.onl/tags/noobvspro.html]
[subway-surfers.onl/tags/i-hate-this-game.html]
[subway-surfers.onl/tags/torch.html]
[subway-surfers.onl/tags/desert.html]
[subway-surfers.onl/smash-karts-2.html]
[subway-surfers.onl/super-slope-game-2.html]
[subway-surfers.onl/tags/ball.html]
[subway-surfers.onl/evoworldio-2.html]
[subway-surfers.onl/tags/free.html]
[subway-surfers.onl/tags/animals.html]
[subway-surfers.onl/tags/popular.html]
[subway-surfers.onl/tags/evolution.html]
[subway-surfers.onl/earn-to-die-2.html]
[subway-surfers.onl/super-bubble-shooter-2.html]
[subway-surfers.onl/tags/match3.html]
[subway-surfers.onl/tags/bubble.html]
[subway-surfers.onl/tags/family.html]
[subway-surfers.onl/flappy-poppy-2.html]
[subway-surfers.onl/tags/games.html]
[subway-surfers.onl/tags/monster.html]
[subway-surfers.onl/dirt-bike-motocross-2.html]
[subway-surfers.onl/tags/challenging.html]
[subway-surfers.onl/tags/1.html]
[subway-surfers.onl/tags/motorcycles.html]
[subway-surfers.onl/tags/motocross.html]
[subway-surfers.onl/tags/competitive.html]
[subway-surfers.onl/jetpack-race-run-2.html]
[subway-surfers.onl/tags/mobile.html]
[subway-surfers.onl/tags/skill.html]
[subway-surfers.onl/tags/obstacle.html]
[subway-surfers.onl/tags/stickman.html]
[subway-surfers.onl/tags/simulation.html]
[subway-surfers.onl/tags/rocket.html]
[subway-surfers.onl/aquaparkio-2.html]
[subway-surfers.onl/aquaparkio-2.html]
